// Jest Snapshot v1, https://goo.gl/fbAQLP

exports[`Button should have snapshot 1`] = `
<button
  className=""
  type="button"
>
  Press
</button>
`;
