// Jest Snapshot v1, https://goo.gl/fbAQLP

exports[`Search should have snapshot 1`] = `
<form>
  <input
    type="text"
  />
  <button
    type="submit"
  >
    Search...
  </button>
</form>
`;
